[pack]
name = Chompy's Maps
desc = Enter the world of maps made by Chompy.
order = map2,map1,map3

[map1]
theme = wood
startpos = 2,7
name = Crossing the Divide
desc = Can Heli-Chomp save the day?
skills = heli
map = ..................................................
      ..................................................
      ..................................................      
      ..................................................
      ..................................................
      ..................................................
      ..................................................
      .|................................................
      .|................................................
      .|^R.....^.................R.............C|.......
      .|========................==.........=====........
      ..................................................
      ..................................................
      ..................................................  
      
[map2]
theme = wood
startpos = 1,1
name = Boxed In
desc = Keep gooooooing!
skills = 
map = ==================================================
      |..|.............................................|
      |..|.............................................|      
      |..|......................====...................|
      |..|......................|..|...........|.C.|...|
      |..|......................|..==..........=====...|
      |..|.....===............^.|...|..^...............|
      |..|....=...=.......===============............^.|
      |.......|...|.......|.........................===|
      |.....^.|...|.......|............................|
      |...=====...|.^...^.|................^....^......|
      |...........=========.............===============|
      |^...............................................|
      ==================================================               
      
[map3]
theme = wood
startpos = 2,21
name = One Uping the Chomp
desc = Get the cookie highith in the sky.
skills = up,up,up
map = .............................................................
      ..........................................................C..
      .........................................................==..
      .............................................................
      ...................................................^.........
      ..................................................==.........
      .............................................................
      ..........................R^................U^...............
      ..........................==................==...............
      .............................................................
      ...................^...............R^........................
      ..................==...............==........................
      .............................................................
      .............^...............................................
      ............==...............................................
      .............................................................
      ..................^..........................................
      .................==..........................................
      .............................................................
      ...........^.................................................
      .|........==.................................................
      .|...........................................................
      .|^.U^.......................................................
      .|====.......................................................
      .............................................................                                                                                                                                          