[pack]
name = MK Map Pack
desc = 
order = map1,map2,map3

[map1]
theme = wood
startpos = 2,5
name = Cookies! Nom Nom
desc = Chompy can only move when he's in the air, however if he touches the ground his momentum will carry. Try jumping from spring to spring, you might not be able to land on the next but if done right Chompy's momentum will carry him.
skills = 
map = .......................................................
      |......................................................
      |..................................................C..L
      |........^...R.......^...R.......^..........^.........|
      |.....=========================================.......|
      |.....................................................|
      |.^.U............................................^....|
      =======================================================
      
[map2]
theme = wood
startpos = 2,3
name = Meet the Heli-Chomp
desc = Use the Heli powerup to get Chompy safely across. Press '1' or click the skill icon at the bottom corner of the screen to use it. 
skills = heli
map = ..................................................
      ..................................................
      .|................................................
      .|................................................
      .|^R.....^.................R.............C|.......
      .|========................==........======........
      ..................................................
      ..................................................
      ..................................................  
      
[map3]
theme = wood
startpos = 2,21
name = One Uping the Chomp
desc = Here's another skill to try, it allows Chompy to jump up in the air. Use it when you can't get to a spring.
skills = up,up
map = .............................................................
      ..........................................................C..
      .........................................................==..
      .............................................................
      ...................................................^.........
      ..................................................==.........
      .............................................................
      ..........................R^................U^...............
      ..........................==................==...............
      .............................................................
      ...................^...............R^........................
      ..................==...............==........................
      .............................................................
      .............^...............................................
      ............==...............................................
      .............................................................
      ..................^..........................................
      .................==..........................................
      .............................................................
      ...........^.................................................
      .|........==.................................................
      .|...........................................................
      .|^.U^.......................................................
      .|====.......................................................
      .............................................................         