[pack]
name = MK Map Pack
desc = 
order = map1,map2,map5,map3,map6

[map5]
theme = chomp
startpos = 2,3
name = Water Hazzard!
desc = Here is another power up to try. This one lets Chompy jump up as if he hit a spring. You're going to need it on this map, the key to getting A+ on this map is to use it at the right moment!
skills = up
arank = 8.03
map = .............................^.........................
      ............................===........................
      =.........^...........................^........C......=
      |........===...........^.............===..............|
      |.^...................===.............................|
      |====~~~~~~~~~~~~~~~~~~~~~~~~~~~~~~~~~~~~~~~~~~~~~~~~~|
      |||||#################################################|
      |||||||||||||||||||||||||||||||||||||||||||||||||||||||

[map6]
theme = chomp
startpos = 2,5
name = "C" Stands for Chompy
desc = And also Cookie!
skills =
arank = 16.60
map = ............................=..............................=
      =...........................|.C...O..O.*..........^.......<|
      |...........................|============........===.......|
      |....R....O................<|||||||>.......................|
      |..====...=.............................................^..|
      |..||||.^.|.............................O.*.............===|
      |..||||===|.......^.........R..........=====>...........||||
      |.^||||||||......===.......<=..........|||||=.....^.....||||
      |==||||||||..*.*.|||....^...|......^...||||||....===..U.||||
      |||||||||||======|||========|==========||||||====|||====||||

[map1]
theme = chomp
startpos = 2,5
name = Cookies! Nom Nom
desc = Chompy can only move when he's in the air, however if he touches the ground his momentum will carry. Try jumping from spring to spring, you might not be able to land on the next but if done right Chompy's momentum will carry him.
skills =
arank = 10.0
map = =......................................................
      |......................................................
      |..................................................C..L
      |.....*..^...*..O..^..O..*.O..^...*..O...^..*.........=
      |.....=========================================.......|
      |.....|||||||||||||||||||||||||||||||||||||||||.......|
      |.^.U.|||||||||||||||||||||||||||||||||||||||||..^..*.|
      |=====|||||||||||||||||||||||||||||||||||||||||=======|
      
[map2]
theme = chomp
startpos = 2,3
name = Meet the Heli-Chomp
desc = Use the Heli powerup to get Chompy safely across. Press '1' or click the skill icon at the bottom corner of the screen to use it. 
skills = heli
arank = 8.0
map = ==........................................==
      ||........................................||
      ||........................................||
      ||........................................||
      ||^R.....^.................R.............C||
      ||========................==........======||
      ||||||||||................||........||||||||
      ||||||||||................||........||||||||
      ||||||||||................||........||||||||  
      
[map3]
theme = chomp
startpos = 5,21
name = One Uping the Chomp
desc = He're a tricky map, timing is key!
skills = up
arank = 13.0
map = .............................................................
      ..........................................................C..
      ........................................................===..
      .............................................................
      ...................................................^.........
      ..................................................==.........
      .............................................................
      ..........................R^................U^...............
      ..........................==................==...............
      .............................................................
      ...................^...............R^........................
      ..................==...............==........................
      .............................................................
      .............^...............................................
      ............==...............................................
      .............................................................
      ..................^..........................................
      .................==..........................................
      .............................................................
      ...........^.................................................
      .|........==.................................................
      .|...........................................................
      .|..U^.......................................................
      ~|====~~~~~~~~~~~~~~~~~~~~~~~~~~~~~~~~~~~~~~~~~~~~~~~~~~~~~~~
      #############################################################         
      
[map4]
theme = wood
startpos = 2,1
name = Chomp Factory
desc = Conveyor belts give Chompy a free ride...to his death!! Ahahaha!
skills = up
arank = 8.80
map = .......................................................
      .......................................................
      ..~~~~~~~~~~..........................~~~~.............
      ..==========.........................======............
      ..........................................|S...........
      ........................R...~~~~~...|.....|............
      .......................==========.U^|.....|............
      ................................|===|.....|............
      ..........................................|>...........
      ..........................................|>...........
      ..........................................|>...........
      ..........................................|............                                       
      ..........................................|.........C..      
      ..........................................|........===.      
      ..........................................|.R..........      
      ..........................................|==..........
